ERROR:yfinance:$POL-USD: possibly delisted; no price data found  (period=5d)
ERROR:yfinance:
1 Failed download:
ERROR:yfinance:['POL-USD']: possibly delisted; no price data found  (period=5d)
ERROR:yfinance:$SUI-USD: possibly delisted; no price data found  (period=5d)
ERROR:yfinance:
1 Failed download:
ERROR:yfinance:['SUI-USD']: possibly delisted; no price data found  (period=5d)
Data quality issue for GBPCHF=X: Temporal gaps detected (unexpected data loss) (Score: 0.4)
Data quality issue for CL=F: Temporal gaps detected (unexpected data loss) (Score: 0.4)
Data quality issue for GC=F: Temporal gaps detected (unexpected data loss) (Score: 0.4)
Data quality issue for CADCHF=X: Temporal gaps detected (unexpected data loss) (Score: 0.4)
Data quality issue for AUDCHF=X: Temporal gaps detected (unexpected data loss) (Score: 0.4)
Data quality issue for SI=F: Temporal gaps detected (unexpected data loss) (Score: 0.4)
Data quality issue for EURAUD=X: Temporal gaps detected (unexpected data loss) (Score: 0.4)
Data quality issue for EURCAD=X: Temporal gaps detected (unexpected data loss) (Score: 0.4)
ERROR:yfinance:$POL-USD: possibly delisted; no price data found  (period=5d)
ERROR:yfinance:
1 Failed download:
ERROR:yfinance:['POL-USD']: possibly delisted; no price data found  (period=5d)
ERROR:yfinance:$SUI-USD: possibly delisted; no price data found  (period=5d)
ERROR:yfinance:
1 Failed download:
ERROR:yfinance:['SUI-USD']: possibly delisted; no price data found  (period=5d)
Data quality issue for GBPCHF=X: Temporal gaps detected (unexpected data loss) (Score: 0.4)
Data quality issue for AUDCHF=X: Temporal gaps detected (unexpected data loss) (Score: 0.4)
Data quality issue for CL=F: Temporal gaps detected (unexpected data loss) (Score: 0.4)
Data quality issue for SI=F: Temporal gaps detected (unexpected data loss) (Score: 0.4)
Data quality issue for GC=F: Temporal gaps detected (unexpected data loss) (Score: 0.4)
Data quality issue for EURAUD=X: Temporal gaps detected (unexpected data loss) (Score: 0.4)
Data quality issue for EURCAD=X: Temporal gaps detected (unexpected data loss) (Score: 0.4)
Data quality issue for CADCHF=X: Temporal gaps detected (unexpected data loss) (Score: 0.4)
ERROR:yfinance:$POL-USD: possibly delisted; no price data found  (period=5d)
ERROR:yfinance:
1 Failed download:
ERROR:yfinance:['POL-USD']: possibly delisted; no price data found  (period=5d)
ERROR:yfinance:$SUI-USD: possibly delisted; no price data found  (period=5d)
ERROR:yfinance:
1 Failed download:
ERROR:yfinance:['SUI-USD']: possibly delisted; no price data found  (period=5d)
Data quality issue for AUDCHF=X: Temporal gaps detected (unexpected data loss) (Score: 0.4)
Data quality issue for CL=F: Temporal gaps detected (unexpected data loss) (Score: 0.4)
Data quality issue for SI=F: Temporal gaps detected (unexpected data loss) (Score: 0.4)
Data quality issue for GC=F: Temporal gaps detected (unexpected data loss) (Score: 0.4)
Data quality issue for GBPCHF=X: Temporal gaps detected (unexpected data loss) (Score: 0.4)
Data quality issue for EURAUD=X: Temporal gaps detected (unexpected data loss) (Score: 0.4)
Data quality issue for EURCAD=X: Temporal gaps detected (unexpected data loss) (Score: 0.4)
Data quality issue for CADCHF=X: Temporal gaps detected (unexpected data loss) (Score: 0.4)
ERROR:yfinance:$POL-USD: possibly delisted; no price data found  (period=5d)
ERROR:yfinance:
1 Failed download:
ERROR:yfinance:['POL-USD']: possibly delisted; no price data found  (period=5d)
ERROR:yfinance:$SUI-USD: possibly delisted; no price data found  (period=5d)
ERROR:yfinance:
1 Failed download:
ERROR:yfinance:['SUI-USD']: possibly delisted; no price data found  (period=5d)
Data quality issue for EURAUD=X: Temporal gaps detected (unexpected data loss) (Score: 0.4)
Data quality issue for EURCAD=X: Temporal gaps detected (unexpected data loss) (Score: 0.4)
Data quality issue for CADCHF=X: Temporal gaps detected (unexpected data loss) (Score: 0.4)
Data quality issue for GBPCHF=X: Temporal gaps detected (unexpected data loss) (Score: 0.4)
Data quality issue for AUDCHF=X: Temporal gaps detected (unexpected data loss) (Score: 0.4)
Data quality issue for CL=F: Temporal gaps detected (unexpected data loss) (Score: 0.4)
Data quality issue for SI=F: Temporal gaps detected (unexpected data loss) (Score: 0.4)
Data quality issue for GC=F: Temporal gaps detected (unexpected data loss) (Score: 0.4)
ERROR:yfinance:$POL-USD: possibly delisted; no price data found  (period=5d)
ERROR:yfinance:
1 Failed download:
ERROR:yfinance:['POL-USD']: possibly delisted; no price data found  (period=5d)
ERROR:yfinance:$SUI-USD: possibly delisted; no price data found  (period=5d)
ERROR:yfinance:
1 Failed download:
ERROR:yfinance:['SUI-USD']: possibly delisted; no price data found  (period=5d)
Data quality issue for EURAUD=X: Temporal gaps detected (unexpected data loss) (Score: 0.4)
Data quality issue for EURCAD=X: Temporal gaps detected (unexpected data loss) (Score: 0.4)
Data quality issue for CADCHF=X: Temporal gaps detected (unexpected data loss) (Score: 0.4)
Data quality issue for GBPCHF=X: Temporal gaps detected (unexpected data loss) (Score: 0.4)
Data quality issue for AUDCHF=X: Temporal gaps detected (unexpected data loss) (Score: 0.4)
Data quality issue for CL=F: Temporal gaps detected (unexpected data loss) (Score: 0.4)
Data quality issue for SI=F: Temporal gaps detected (unexpected data loss) (Score: 0.4)
Data quality issue for GC=F: Temporal gaps detected (unexpected data loss) (Score: 0.4)
ERROR:yfinance:$POL-USD: possibly delisted; no price data found  (period=5d)
ERROR:yfinance:
1 Failed download:
ERROR:yfinance:['POL-USD']: possibly delisted; no price data found  (period=5d)
ERROR:yfinance:$SUI-USD: possibly delisted; no price data found  (period=5d)
ERROR:yfinance:
1 Failed download:
ERROR:yfinance:['SUI-USD']: possibly delisted; no price data found  (period=5d)
Data quality issue for AUDCHF=X: Temporal gaps detected (unexpected data loss) (Score: 0.4)
Data quality issue for SI=F: Temporal gaps detected (unexpected data loss) (Score: 0.4)
Data quality issue for GBPCHF=X: Temporal gaps detected (unexpected data loss) (Score: 0.4)
Data quality issue for CL=F: Temporal gaps detected (unexpected data loss) (Score: 0.4)
Data quality issue for GC=F: Temporal gaps detected (unexpected data loss) (Score: 0.4)
Data quality issue for EURCAD=X: Temporal gaps detected (unexpected data loss) (Score: 0.4)
Data quality issue for CADCHF=X: Temporal gaps detected (unexpected data loss) (Score: 0.4)
Data quality issue for EURAUD=X: Temporal gaps detected (unexpected data loss) (Score: 0.4)
INFO:mercury_ai.operations.m5_operational.watchdog:[Watchdog cross-thread-61ad] stopped
INFO:mercury_ai.operations.m5_operational.runner:[M5OperationalRunner cross-thread-61ad] done status=COMPLETED wall=30.1s fresh=8 stale=0 timeout=0 stale_as_fresh=0 queue_max=8
INFO:mercury_ai.operations.m5_operational.runner:[M5OperationalRunner] cycle cross-thread-1565 start target=2026-09-05T17:50:00+00:00 executor=thread workers=4 universe=8 config={"process_workers": 4, "thread_workers": 4, "executor": "thread", "worker_timeout_s": 30, "cycle_timeout_s": 60, "max_concurrent_cycles": 1, "operational_universe": "ALL_SYMBOLS", "early_emission": true, "freshness_policy": "strict", "watchdog_interval_s": 5.0, "stall_threshold_s": 45.0, "bounded_queue_maxsize": 128, "max_retries_per_asset": 0, "recreate_worker_on_error": false, "shutdown_grace_s": 10.0, "use_operational_runner": true, "mode": "m5"}
INFO:mercury_ai.operations.m5_operational.watchdog:[Watchdog cross-thread-1565] started interval=5.0s stall=45.0s
INFO:mercury_ai.operations.m5_operational.watchdog:[Watchdog cross-thread-1565] stopped
INFO:mercury_ai.operations.m5_operational.runner:[M5OperationalRunner cross-thread-1565] done status=COMPLETED wall=21.4s fresh=8 stale=0 timeout=0 stale_as_fresh=0 queue_max=8
============================= test session starts =============================
platform win32 -- Python 3.11.9, pytest-9.1.1, pluggy-1.6.0 -- C:\Projetos\Mercury-AI\.venv\Scripts\python.exe
cachedir: .pytest_cache
rootdir: C:\Projetos\Mercury-AI
configfile: pytest.ini
plugins: anyio-4.14.2, timeout-2.4.0
collecting ... collected 28 items

tests/test_m5_sprint64_audit.py::test_session_identity_unique PASSED     [  3%]
tests/test_m5_sprint64_audit.py::test_cycle_identity_unique PASSED       [  7%]
tests/test_m5_sprint64_audit.py::test_audit_store_immutable_no_overwrite PASSED [ 10%]
tests/test_m5_sprint64_audit.py::test_audit_atomic_write_collision PASSED [ 14%]
tests/test_m5_sprint64_audit.py::test_canonical_record_fields PASSED     [ 17%]
tests/test_m5_sprint64_audit.py::test_decision_provenance_complete PASSED [ 21%]
tests/test_m5_sprint64_audit.py::test_event_correlation_cycle_ids PASSED [ 25%]
tests/test_m5_sprint64_audit.py::test_no_history_overwrite_across_sessions PASSED [ 28%]
tests/test_m5_sprint64_replay.py::test_normal_replay PASSED              [ 32%]
tests/test_m5_sprint64_replay.py::test_fault_replay PASSED               [ 35%]
tests/test_m5_sprint64_replay.py::test_stale_preservation PASSED         [ 39%]
tests/test_m5_sprint64_replay.py::test_timeout_preservation PASSED       [ 42%]
tests/test_m5_sprint64_replay.py::test_divergence_detection_tamper PASSED [ 46%]
tests/test_m5_sprint64_replay.py::test_three_cycles_diverse PASSED       [ 50%]
tests/test_m5_sprint64_artifact_integrity.py::test_hash_verification PASSED [ 53%]
tests/test_m5_sprint64_artifact_integrity.py::test_tamper_detection PASSED [ 57%]
tests/test_m5_sprint64_artifact_integrity.py::test_missing_artifact PASSED [ 60%]
tests/test_m5_sprint64_artifact_integrity.py::test_partial_artifact_not_accepted PASSED [ 64%]
tests/test_m5_sprint64_artifact_integrity.py::test_collision_prevention PASSED [ 67%]
tests/test_m5_sprint64_artifact_integrity.py::test_unexpected_artifact_detection PASSED [ 71%]
tests/test_m5_sprint64_artifact_integrity.py::test_manifest_save_atomic PASSED [ 75%]
tests/test_m5_sprint64_observability.py::test_event_ordering_valid PASSED [ 78%]
tests/test_m5_sprint64_observability.py::test_event_ordering_violation_detected PASSED [ 82%]
tests/test_m5_sprint64_observability.py::test_ranking_before_data_violation PASSED [ 85%]
tests/test_m5_sprint64_observability.py::test_duplicate_detection PASSED [ 89%]
tests/test_m5_sprint64_observability.py::test_event_completeness PASSED  [ 92%]
tests/test_m5_sprint64_observability.py::test_queue_pressure_event PASSED [ 96%]
tests/test_m5_sprint64_observability.py::test_terminal_events_present PASSED [100%]

============================= 28 passed in 6.21s ==============================
============================= test session starts =============================
platform win32 -- Python 3.11.9, pytest-9.1.1, pluggy-1.6.0 -- C:\Projetos\Mercury-AI\.venv\Scripts\python.exe
cachedir: .pytest_cache
rootdir: C:\Projetos\Mercury-AI
configfile: pytest.ini
plugins: anyio-4.14.2, timeout-2.4.0
collecting ... collected 99 items

tests/test_m5_incremental.py::TestTemporal::test_floor_m5 PASSED         [  1%]
tests/test_m5_incremental.py::TestTemporal::test_ceil_m5 PASSED          [  2%]
tests/test_m5_incremental.py::TestTemporal::test_current_previous_next PASSED [  3%]
tests/test_m5_incremental.py::TestTemporal::test_decision_candle_from_df PASSED [  4%]
tests/test_m5_incremental.py::TestTemporal::test_decision_candle_empty PASSED [  5%]
tests/test_m5_incremental.py::TestAssetState::test_create_and_serialize PASSED [  6%]
tests/test_m5_incremental.py::TestAssetState::test_result_ref_not_duplicated PASSED [  7%]
tests/test_m5_incremental.py::TestFreshnessGate::test_fresh_when_equal PASSED [  8%]
tests/test_m5_incremental.py::TestFreshnessGate::test_stale_when_behind PASSED [  9%]
tests/test_m5_incremental.py::TestFreshnessGate::test_stale_when_no_decision PASSED [ 10%]
tests/test_m5_incremental.py::TestFreshnessGate::test_data_unavailable_when_no_latest PASSED [ 11%]
tests/test_m5_incremental.py::TestFreshnessGate::test_never_converts_stale_to_real_signal PASSED [ 12%]
tests/test_m5_incremental.py::TestFreshnessGate::test_check_state_iso PASSED [ 13%]
tests/test_m5_incremental.py::TestRollingQueue::test_p3_when_all_fresh PASSED [ 14%]
tests/test_m5_incremental.py::TestRollingQueue::test_p1_when_just_closed PASSED [ 15%]
tests/test_m5_incremental.py::TestRollingQueue::test_top3_status PASSED  [ 16%]
tests/test_m5_incremental.py::TestRollingQueue::test_never_blocks_top3_when_fresh_available PASSED [ 17%]
tests/test_m5_incremental.py::TestCacheTracker::test_miss_when_no_entry PASSED [ 18%]
tests/test_m5_incremental.py::TestCacheTracker::test_hit_when_equal PASSED [ 19%]
tests/test_m5_incremental.py::TestCacheTracker::test_stale_when_behind PASSED [ 20%]
tests/test_m5_incremental.py::TestCacheTracker::test_never_accepts_ttl_alone PASSED [ 21%]
tests/test_m5_incremental.py::TestCacheTracker::test_valid_only_when_equal PASSED [ 22%]
tests/test_m5_incremental.py::TestMTFClassification::test_all_components_classified PASSED [ 23%]
tests/test_m5_incremental.py::TestMTFClassification::test_unknown_not_silently_optimized PASSED [ 24%]
tests/test_m5_incremental.py::TestRankingContract::test_ranking_formula_unchanged PASSED [ 25%]
tests/test_m5_incremental.py::TestRankingContract::test_ranking_deterministic PASSED [ 26%]
tests/test_m5_incremental.py::TestRankingContract::test_no_duplicate_formula PASSED [ 27%]
tests/test_m5_incremental.py::TestRankingContract::test_classify_status PASSED [ 28%]
tests/test_m5_operational.py::test_watchdog_detects_stall PASSED         [ 29%]
tests/test_m5_operational.py::test_watchdog_no_stall_when_progress PASSED [ 30%]
tests/test_m5_operational.py::test_bounded_queue_never_grows_unbounded PASSED [ 31%]
tests/test_m5_operational.py::test_no_cycle_overlap_rejected PASSED      [ 32%]
tests/test_m5_operational.py::test_graceful_shutdown_stops_cycle PASSED  [ 33%]
tests/test_m5_operational.py::test_institutional_memory_isolated_under_threadpool PASSED [ 34%]
tests/test_m5_operational.py::test_multi_cycle_no_degradation PASSED     [ 35%]
tests/test_m5_operational.py::test_timeout_recovery PASSED               [ 36%]
tests/test_m5_operational.py::test_timeout_recovery_forced PASSED        [ 37%]
tests/test_m5_sprint6_live.py::test_deadline_metric_definitions PASSED   [ 38%]
tests/test_m5_sprint6_live.py::test_deadline_aggregate_percentiles PASSED [ 39%]
tests/test_m5_sprint6_live.py::test_next_candle_ready_live_small_session PASSED [ 40%]
tests/test_m5_sprint6_live.py::test_cycle_sequencing_targets_monotonic_and_ids_unique PASSED [ 41%]
tests/test_m5_sprint6_live.py::test_no_duplicate_cycle_and_max_concurrent_1 PASSED [ 42%]
tests/test_m5_sprint6_live.py::test_clock_no_overlap_under_blocking PASSED [ 43%]
tests/test_m5_sprint6_live.py::test_controlled_shutdown_and_resume_next_m5 PASSED [ 44%]
tests/test_m5_sprint6_live.py::test_watchdog_still_configured_and_not_firing_spuriously PASSED [ 45%]
tests/test_m5_sprint6_live.py::test_worker_timeout_and_error_isolation_no_stale_as_fresh PASSED [ 46%]
tests/test_m5_sprint6_live.py::test_institutional_memory_isolated_two_cycles PASSED [ 47%]
tests/test_m5_sprint6_live.py::test_data_drift_monitor_flags_gap PASSED  [ 48%]
tests/test_m5_sprint6_live.py::test_freshness_absolute_across_session PASSED [ 49%]
tests/test_m5_sprint6_live.py::test_early_emission_and_top3_consistency PASSED [ 50%]
tests/test_m5_sprint6_live.py::test_legacy_incrementals_still_importable PASSED [ 51%]
tests/test_m5_sprint61_live_clock.py::test_accelerated_never_qualifying PASSED [ 52%]
tests/test_m5_sprint61_live_clock.py::test_future_target_non_qualifying PASSED [ 53%]
tests/test_m5_sprint61_live_clock.py::test_negative_latency_never_pass PASSED [ 54%]
tests/test_m5_sprint61_live_clock.py::test_decision_after_close_requirement PASSED [ 55%]
tests/test_m5_sprint61_live_clock.py::test_before_next_pass PASSED       [ 56%]
tests/test_m5_sprint61_live_clock.py::test_exactly_at_next_fails PASSED  [ 57%]
tests/test_m5_sprint61_live_clock.py::test_deadline_missed_fail PASSED   [ 58%]
tests/test_m5_sprint61_live_clock.py::test_live_clock_no_artificial_advance PASSED [ 59%]
tests/test_m5_sprint61_live_clock.py::test_restart_no_duplicate PASSED   [ 60%]
tests/test_m5_sprint61_live_clock.py::test_no_overlap_guard PASSED       [ 61%]
tests/test_m5_sprint61_live_clock.py::test_freshness_authority PASSED    [ 62%]
tests/test_m5_sprint61_live_clock.py::test_error_timeout_not_fresh PASSED [ 63%]
tests/test_m5_sprint61_live_clock.py::test_determinism_intact PASSED     [ 64%]
tests/test_m5_sprint61_live_clock.py::test_ranking_canonical PASSED      [ 65%]
tests/test_m5_sprint61_live_clock.py::test_accelerated_soak_stress PASSED [ 66%]
tests/test_m5_sprint61_live_clock.py::test_report_separates_qualifying PASSED [ 67%]
tests/test_m5_sprint62_live_clock.py::test_target_never_future_runtime_assertion PASSED [ 68%]
tests/test_m5_sprint62_live_clock.py::test_target_future_never_pass_even_with_positive_margin PASSED [ 69%]
tests/test_m5_sprint62_live_clock.py::test_live_clock_target_derived_from_utc_real PASSED [ 70%]
tests/test_m5_sprint62_live_clock.py::test_negative_latency_non_qualifying PASSED [ 71%]
tests/test_m5_sprint62_live_clock.py::test_qualifying_pass_requires_decision_after_close_before_next PASSED [ 72%]
tests/test_m5_sprint62_live_clock.py::test_qualifying_fail_when_at_or_after_next PASSED [ 73%]
tests/test_m5_sprint62_live_clock.py::test_freshness_never_stale_as_fresh_thread_small PASSED [ 74%]
tests/test_m5_sprint62_live_clock.py::test_error_timeout_not_converted_to_fresh PASSED [ 75%]
tests/test_m5_sprint62_live_clock.py::test_temporal_fields_present_in_classify PASSED [ 76%]
tests/test_m5_sprint62_live_clock.py::test_no_duplicate_target_sequential_blocking PASSED [ 77%]
tests/test_m5_sprint62_live_clock.py::test_max_concurrent_guarded PASSED [ 78%]
tests/test_m5_sprint62_live_clock.py::test_restart_no_duplicate_target PASSED [ 79%]
tests/test_m5_sprint62_live_clock.py::test_performance_stats_computable PASSED [ 80%]
tests/test_m5_sprint62_live_clock.py::test_sprint62_config_strict PASSED [ 81%]
tests/test_m5_sprint62_live_clock.py::test_aggregate_live_clock_honest PASSED [ 82%]
tests/test_m5_sprint63_resilience.py::test_worker_crash_recovery PASSED  [ 83%]
tests/test_m5_sprint63_resilience.py::test_worker_timeout_integrity PASSED [ 84%]
tests/test_m5_sprint63_resilience.py::test_per_asset_isolation PASSED    [ 85%]
tests/test_m5_sprint63_resilience.py::test_queue_pressure_bounded PASSED [ 86%]
tests/test_m5_sprint63_resilience.py::test_watchdog_stall_detection_and_recovery PASSED [ 87%]
tests/test_m5_sprint63_resilience.py::test_ranking_formula_unchanged PASSED [ 88%]
tests/test_m5_sprint63_recovery.py::test_graceful_sigint PASSED          [ 89%]
tests/test_m5_sprint63_recovery.py::test_graceful_sigterm PASSED         [ 90%]
tests/test_m5_sprint63_recovery.py::test_restart_integrity_no_duplicate PASSED [ 91%]
tests/test_m5_sprint63_recovery.py::test_restart_no_stale_as_fresh PASSED [ 92%]
tests/test_m5_sprint63_recovery.py::test_no_duplicate_target_across_blocking_cycles PASSED [ 93%]
tests/test_m5_sprint63_recovery.py::test_live_recovery_small_thread_smoke PASSED [ 94%]
tests/test_m5_sprint63_data_integrity.py::test_error_never_becomes_wait PASSED [ 95%]
tests/test_m5_sprint63_data_integrity.py::test_stale_never_becomes_fresh PASSED [ 96%]
tests/test_m5_sprint63_data_integrity.py::test_data_integrity_gate_via_harness PASSED [ 97%]
tests/test_m5_sprint63_data_integrity.py::test_timeout_classified_explicitly PASSED [ 98%]
tests/test_m5_sprint63_data_integrity.py::test_four_states_remain_explicit PASSED [100%]

======================= 99 passed in 1445.39s (0:24:05) =======================
Sprint 6.4 Gate Runner ù universe=64 executor=process cycles=6 mode=live_clock quick=False

[º1 determinism] C:\Projetos\Mercury-AI\.venv\Scripts\python.exe scripts/m5_frozen_equivalence_v2.py
.0, 44.66, 0.0, 55.34) iso=('BUY', 'D', 0.689837, 100.0, 44.66, 0.0, 55.34) eq=True
  USDJPY=X seq=('BUY', 'D', 0.685996, 100.0, 44.24, 0.0, 55.76) iso=('BUY', 'D', 0.685996, 100.0, 44.24, 0.0, 55.76) eq=True
  USDCHF=X seq=('SELL', 'D', 0.684598, 100.0, 0.0, 44.62, 55.38) iso=('SELL', 'D', 0.684598, 100.0, 0.0, 44.62, 55.38) eq=True
  AUDUSD=X seq=('SELL', 'D', 0.679599, 100.0, 0.0, 44.08, 55.92) iso=('SELL', 'D', 0.679599, 100.0, 0.0, 44.08, 55.92) eq=True
  NZDUSD=X seq=('BUY', 'B', 0.697267, 100.0, 60.1, 0.0, 39.9) iso=('BUY', 'B', 0.697267, 100.0, 60.1, 0.0, 39.9) eq=True

=== TEST D: parallel ThreadPool with shared fixture ===
  par {'EURUSD=X': ('SELL', 'D', 0.681494, 100.0, 0.0, 44.02, 55.98), 'USDJPY=X': ('BUY', 'D', 0.685996, 100.0, 44.24, 0.0, 55.76), 'USDCHF=X': ('SELL', 'D', 0.684598, 100.0, 0.0, 44.62, 55.38), 'GBPUSD=X': ('BUY', 'D', 0.689837, 100.0, 44.66, 0.0, 55.34), 'AUDUSD=X': ('SELL', 'D', 0.679599, 100.0, 0.0, 44.08, 55.92), 'NZDUSD=X': ('BUY', 'B', 0.697267, 100.0, 60.1, 0.0, 39.9)}
  EURUSD=X seq=('SELL', 'D', 0.681494, 100.0, 0.0, 44.02, 55.98) par=('SELL', 'D', 0.681494, 100.0, 0.0, 44.02, 55.98) eq=True
  GBPUSD=X seq=('BUY', 'D', 0.689837, 100.0, 44.66, 0.0, 55.34) par=('BUY', 'D', 0.689837, 100.0, 44.66, 0.0, 55.34) eq=True
  USDJPY=X seq=('BUY', 'D', 0.685996, 100.0, 44.24, 0.0, 55.76) par=('BUY', 'D', 0.685996, 100.0, 44.24, 0.0, 55.76) eq=True
  USDCHF=X seq=('SELL', 'D', 0.684598, 100.0, 0.0, 44.62, 55.38) par=('SELL', 'D', 0.684598, 100.0, 0.0, 44.62, 55.38) eq=True
  AUDUSD=X seq=('SELL', 'D', 0.679599, 100.0, 0.0, 44.08, 55.92) par=('SELL', 'D', 0.679599, 100.0, 0.0, 44.08, 55.92) eq=True
  NZDUSD=X seq=('BUY', 'B', 0.697267, 100.0, 60.1, 0.0, 39.9) par=('BUY', 'B', 0.697267, 100.0, 60.1, 0.0, 39.9) eq=True

=== TEST E: baseline per-symbol isolated sequential vs parallel thread ===
  base_iso {'EURUSD=X': ('SELL', 'D', 0.681494, 100.0, 0.0, 44.02, 55.98), 'GBPUSD=X': ('BUY', 'D', 0.689837, 100.0, 44.66, 0.0, 55.34), 'USDJPY=X': ('BUY', 'D', 0.685996, 100.0, 44.24, 0.0, 55.76), 'USDCHF=X': ('SELL', 'D', 0.684598, 100.0, 0.0, 44.62, 55.38), 'AUDUSD=X': ('SELL', 'D', 0.679599, 100.0, 0.0, 44.08, 55.92), 'NZDUSD=X': ('BUY', 'B', 0.697267, 100.0, 60.1, 0.0, 39.9)}
  par      {'EURUSD=X': ('SELL', 'D', 0.681494, 100.0, 0.0, 44.02, 55.98), 'USDJPY=X': ('BUY', 'D', 0.685996, 100.0, 44.24, 0.0, 55.76), 'USDCHF=X': ('SELL', 'D', 0.684598, 100.0, 0.0, 44.62, 55.38), 'GBPUSD=X': ('BUY', 'D', 0.689837, 100.0, 44.66, 0.0, 55.34), 'AUDUSD=X': ('SELL', 'D', 0.679599, 100.0, 0.0, 44.08, 55.92), 'NZDUSD=X': ('BUY', 'B', 0.697267, 100.0, 60.1, 0.0, 39.9)}
  EQUIVALENCE isolated-sequential vs parallel-thread: PASS

=== TEST F: determinism 3 runs parallel-thread ===
  run 1 sig 69108851fce9 {'EURUSD=X': ('SELL', 'D', 0.681494, 100.0, 0.0, 44.02, 55.98), 'GBPUSD=X': ('BUY', 'D', 0.689837, 100.0, 44.66, 0.0, 55.34), 'USDJPY=X': ('BUY', 'D', 0.685996, 100.0, 44.24, 0.0, 55.76), 'USDCHF=X': ('SELL', 'D', 0.684598, 100.0, 0.0, 44.62, 55.38), 'NZDUSD=X': ('BUY', 'B', 0.697267, 100.0, 60.1, 0.0, 39.9), 'AUDUSD=X': ('SELL', 'D', 0.679599, 100.0, 0.0, 44.08, 55.92)}
  run 2 sig 69108851fce9 {'USDCHF=X': ('SELL', 'D', 0.684598, 100.0, 0.0, 44.62, 55.38), 'EURUSD=X': ('SELL', 'D', 0.681494, 100.0, 0.0, 44.02, 55.98), 'GBPUSD=X': ('BUY', 'D', 0.689837, 100.0, 44.66, 0.0, 55.34), 'USDJPY=X': ('BUY', 'D', 0.685996, 100.0, 44.24, 0.0, 55.76), 'AUDUSD=X': ('SELL', 'D', 0.679599, 100.0, 0.0, 44.08, 55.92), 'NZDUSD=X': ('BUY', 'B', 0.697267, 100.0, 60.1, 0.0, 39.9)}
  run 3 sig 69108851fce9 {'GBPUSD=X': ('BUY', 'D', 0.689837, 100.0, 44.66, 0.0, 55.34), 'USDJPY=X': ('BUY', 'D', 0.685996, 100.0, 44.24, 0.0, 55.76), 'USDCHF=X': ('SELL', 'D', 0.684598, 100.0, 0.0, 44.62, 55.38), 'EURUSD=X': ('SELL', 'D', 0.681494, 100.0, 0.0, 44.02, 55.98), 'NZDUSD=X': ('BUY', 'B', 0.697267, 100.0, 60.1, 0.0, 39.9), 'AUDUSD=X': ('SELL', 'D', 0.679599, 100.0, 0.0, 44.08, 55.92)}
  determinism PASS sigs ['69108851fce9', '69108851fce9', '69108851fce9']

  determinism pass=True

[º19 live audit] universe=64 executor=process cycles=6 mode=live_clock quick=False
  live audit session_id=m5s64-a5eb9a9a cycles 6/6 qual 6/6 stale 0 orphan 0

[º7 deterministic replay gate] session_dir=C:\Projetos\Mercury-AI\reports\m5_sprint64\m5s64-a5eb9a9a replay 3 cycles
  m5s64-live-202609051725-d961: REPLAY_MATCH checks={'target_candle': {'expected': '2026-09-05T17:25:00+00:00', 'replayed': '2026-09-05T17:25:00+00:00', 'match': True}, 'universe': {'expected': 64, 'replayed': 64, 'match': True}, 'freshness_state': {'fresh_assets': 54, 'expected_fresh': 54, 'match': True, 'stale_as_fresh_preserved': True}, 'ranking_signature': {'expected': '64b9f2637b772f0d', 'replayed': '64b9f2637b772f0d', 'match': True}, 'decision_signature': {'expected': 'b459161f8eee7286', 'replayed': 'b459161f8eee7286', 'match': True}, 'Top3': {'expected': [{'rank': 1, 'symbol': 'C', 'decision': 'BUY', 'grade': 'B', 'confidence': 0.7113924923076924, 'confluence': 100.0, 'score': 148.5278, 'audit_id': '3c0d6b5fd2f0042429a08d8803009785d8e1f1cdcec85b57a87d68d11aa806f0'}, {'rank': 2, 'symbol': 'BNB-USD', 'decision': 'BUY', 'grade': 'B', 'confidence': 0.7049305111111113, 'confluence': 100.0, 'score': 148.1859, 'audit_id': 'c2e214d502dbde43469ca50b36e29f0c303522dd49d2ff3520b9cb6de3cdef60'}, {'rank': 3, 'symbol': 'SOL-USD', 'decision': 'BUY', 'grade': 'B', 'confidence': 0.7038841333333334, 'confluence': 100.0, 'score': 148.1825, 'audit_id': 'bc152e413ffe085466bc6b6e068404d75f5b56f555dfe42447b686230374a87e'}], 'replayed': [{'rank': 1, 'symbol': 'C', 'decision': 'BUY', 'grade': 'B', 'confidence': 0.7113924923076924, 'confluence': 100.0, 'score': 148.5278, 'audit_id': '3c0d6b5fd2f0042429a08d8803009785d8e1f1cdcec85b57a87d68d11aa806f0'}, {'rank': 2, 'symbol': 'BNB-USD', 'decision': 'BUY', 'grade': 'B', 'confidence': 0.7049305111111113, 'confluence': 100.0, 'score': 148.1859, 'audit_id': 'c2e214d502dbde43469ca50b36e29f0c303522dd49d2ff3520b9cb6de3cdef60'}, {'rank': 3, 'symbol': 'SOL-USD', 'decision': 'BUY', 'grade': 'B', 'confidence': 0.7038841333333334, 'confluence': 100.0, 'score': 148.1825, 'audit_id': 'bc152e413ffe085466bc6b6e068404d75f5b56f555dfe42447b686230374a87e'}], 'match': True}, 'final_decision': {'expected': 'C', 'replayed': 'C', 'match': True}, 'decision_candle_per_asset': {'checked': True}, 'replay_stale_as_fresh_total': 0, 'replay_error_as_wait_total': 0}
  m5s64-live-202609051730-a869: REPLAY_MATCH checks={'target_candle': {'expected': '2026-09-05T17:30:00+00:00', 'replayed': '2026-09-05T17:30:00+00:00', 'match': True}, 'universe': {'expected': 64, 'replayed': 64, 'match': True}, 'freshness_state': {'fresh_assets': 54, 'expected_fresh': 54, 'match': True, 'stale_as_fresh_preserved': True}, 'ranking_signature': {'expected': '2aa6e22a6138e288', 'replayed': '2aa6e22a6138e288', 'match': True}, 'decision_signature': {'expected': 'd74d9b909c59bdd3', 'replayed': 'd74d9b909c59bdd3', 'match': True}, 'Top3': {'expected': [{'rank': 1, 'symbol': 'C', 'decision': 'BUY', 'grade': 'B', 'confidence': 0.7113924923076924, 'confluence': 100.0, 'score': 148.5278, 'audit_id': 'fdbbd6a27ec3466a54f672e474a69efa400bda50c5cf59defcad29b7ea3ba712'}, {'rank': 2, 'symbol': 'SOL-USD', 'decision': 'BUY', 'grade': 'B', 'confidence': 0.7059824615384617, 'confluence': 100.0, 'score': 148.2415, 'audit_id': '00b8b96f731d57c66378de2a3309ff475f4e2454a1babbacbf83496635518807'}, {'rank': 3, 'symbol': 'BNB-USD', 'decision': 'BUY', 'grade': 'B', 'confidence': 0.7057669837837838, 'confluence': 100.0, 'score': 148.229, 'audit_id': '889ab3c0c4d25bea7495c0abd3a4ab3120ba2bcac274ec1a906c8e055ee64749'}], 'replayed': [{'rank': 1, 'symbol': 'C', 'decision': 'BUY', 'grade': 'B', 'confidence': 0.7113924923076924, 'confluence': 100.0, 'score': 148.5278, 'audit_id': 'fdbbd6a27ec3466a54f672e474a69efa400bda50c5cf59defcad29b7ea3ba712'}, {'rank': 2, 'symbol': 'SOL-USD', 'decision': 'BUY', 'grade': 'B', 'confidence': 0.7059824615384617, 'confluence': 100.0, 'score': 148.2415, 'audit_id': '00b8b96f731d57c66378de2a3309ff475f4e2454a1babbacbf83496635518807'}, {'rank': 3, 'symbol': 'BNB-USD', 'decision': 'BUY', 'grade': 'B', 'confidence': 0.7057669837837838, 'confluence': 100.0, 'score': 148.229, 'audit_id': '889ab3c0c4d25bea7495c0abd3a4ab3120ba2bcac274ec1a906c8e055ee64749'}], 'match': True}, 'final_decision': {'expected': 'C', 'replayed': 'C', 'match': True}, 'decision_candle_per_asset': {'checked': True}, 'replay_stale_as_fresh_total': 0, 'replay_error_as_wait_total': 0}
  m5s64-live-202609051735-ee0a: REPLAY_MATCH checks={'target_candle': {'expected': '2026-09-05T17:35:00+00:00', 'replayed': '2026-09-05T17:35:00+00:00', 'match': True}, 'universe': {'expected': 64, 'replayed': 64, 'match': True}, 'freshness_state': {'fresh_assets': 54, 'expected_fresh': 54, 'match': True, 'stale_as_fresh_preserved': True}, 'ranking_signature': {'expected': '1f56877d5e74387e', 'replayed': '1f56877d5e74387e', 'match': True}, 'decision_signature': {'expected': 'f5f530f3d4732bf9', 'replayed': 'f5f530f3d4732bf9', 'match': True}, 'Top3': {'expected': [{'rank': 1, 'symbol': 'C', 'decision': 'BUY', 'grade': 'B', 'confidence': 0.7113924923076924, 'confluence': 100.0, 'score': 148.5278, 'audit_id': '32f52672b2b5e6d07e139f642ed6a5c306b9cb7f234e4475e28485b4c13971dc'}, {'rank': 2, 'symbol': 'META', 'decision': 'BUY', 'grade': 'B', 'confidence': 0.7029001241379311, 'confluence': 100.0, 'score': 148.143, 'audit_id': '60460f478373eb5fcfd4caff43395d1f825f03151a3bfacf760aafd7c1696243'}, {'rank': 3, 'symbol': 'PYPL', 'decision': 'BUY', 'grade': 'B', 'confidence': 0.7027415393939394, 'confluence': 100.0, 'score': 148.1362, 'audit_id': '1af5a5c8b3d680c7fdda8421017c4f7dadf99bac0b9184916c3461e2e722a893'}], 'replayed': [{'rank': 1, 'symbol': 'C', 'decision': 'BUY', 'grade': 'B', 'confidence': 0.7113924923076924, 'confluence': 100.0, 'score': 148.5278, 'audit_id': '32f52672b2b5e6d07e139f642ed6a5c306b9cb7f234e4475e28485b4c13971dc'}, {'rank': 2, 'symbol': 'META', 'decision': 'BUY', 'grade': 'B', 'confidence': 0.7029001241379311, 'confluence': 100.0, 'score': 148.143, 'audit_id': '60460f478373eb5fcfd4caff43395d1f825f03151a3bfacf760aafd7c1696243'}, {'rank': 3, 'symbol': 'PYPL', 'decision': 'BUY', 'grade': 'B', 'confidence': 0.7027415393939394, 'confluence': 100.0, 'score': 148.1362, 'audit_id': '1af5a5c8b3d680c7fdda8421017c4f7dadf99bac0b9184916c3461e2e722a893'}], 'match': True}, 'final_decision': {'expected': 'C', 'replayed': 'C', 'match': True}, 'decision_candle_per_asset': {'checked': True}, 'replay_stale_as_fresh_total': 0, 'replay_error_as_wait_total': 0}

[º8 tamper detection] session_dir=C:\Projetos\Mercury-AI\reports\m5_sprint64\m5s64-a5eb9a9a
  tamper test cycle_audit/m5s64-live-202609051725-d961.json: {'tamper_detected': True, 'integrity_failure_type': 'hash_mismatch', 'affected_artifact': 'cycle_audit/m5s64-live-202609051725-d961.json', 'expected_hash': '8309282bb6c4d0e435e6222a24ec3e30af318e8f57a60c1337b41eb838ec337c', 'actual_hash': '010425b79f872049a25dd8bb46a4905e006516574bbe28d024f870227a09c771', 'restored_hash': '8309282bb6c4d0e435e6222a24ec3e30af318e8f57a60c1337b41eb838ec337c', 'replay_blocked': True}

[º13 cross-executor audit] quick=False
  seq sig 880610ca5d4a8a9f final EURUSD=X
  par sig 880610ca5d4a8a9f final EURUSD=X
  equivalence: PASS  (wall_ms/worker_id excluded)

[º14 crash during artifact write] C:\Projetos\Mercury-AI\reports\m5_sprint64\m5s64-a5eb9a9a

[º21 audit/replay/artifact/observability pytest] C:\Projetos\Mercury-AI\.venv\Scripts\python.exe -m pytest tests/test_m5_sprint64_audit.py tests/test_m5_sprint64_replay.py tests/test_m5_sprint64_artifact_integrity.py tests/test_m5_sprint64_observability.py -v

[regression] C:\Projetos\Mercury-AI\.venv\Scripts\python.exe -m pytest tests/test_m5_incremental.py tests/test_m5_operational.py tests/test_m5_sprint6_live.py tests/test_m5_sprint61_live_clock.py tests/test_m5_sprint62_live_clock.py tests/test_m5_sprint63_resilience.py tests/test_m5_sprint63_recovery.py tests/test_m5_sprint63_data_integrity.py -v

========================================================================
  ARCHITECTURE               PASS
  BASELINE_INTEGRITY         PASS
  AUDIT_IDENTITY             PASS
  AUDIT_IMMUTABILITY         PASS
  ARTIFACT_INTEGRITY         PASS
  TAMPER_DETECTION           PASS
  EVENT_OBSERVABILITY        PASS
  EVENT_ORDERING             PASS
  EVENT_COMPLETENESS         PASS
  DECISION_PROVENANCE        PASS
  REPLAY_INTEGRITY           PASS
  DETERMINISTIC_REPLAY       PASS
  FAULT_REPLAY               PASS
  FRESHNESS_REPLAY           PASS
  CROSS_EXECUTOR_AUDIT       PASS
  ARTIFACT_WRITE_RECOVERY    PASS
  AUDIT_CONTINUITY           PASS
  QUEUE_OBSERVABILITY        PASS
  LIVE_AUDIT                 PASS
  PERFORMANCE                PASS
  RESOURCE_SOAK              PASS
  DETERMINISM                PASS
  REGRESSION                 PASS
  OPERATIONAL                PASS

Cert conditions:
  baseline_determinism                 PASS
  regression                           PASS
  artifact_integrity_pass              PASS
  artifact_hash_mismatch_total==0      PASS
  missing_artifact_total==0            PASS
  corrupt_artifact_accepted==false     PASS
  replay_divergence_total==0           PASS
  deterministic_replay                 PASS
  fault_replay_integrity               PASS
  event_loss_total==0                  PASS
  duplicate_event_total==0             PASS
  event_order_violation_total==0       PASS
  decision_without_provenance_total==0 PASS
  replay_stale_as_fresh_total==0       PASS
  replay_error_as_wait_total==0        PASS
  orphan_workers==0                    PASS
  no_duplicate_target_candle           PASS
  tamper_detection                     PASS
  artifact_write_recovery              PASS
  audit_continuity                     PASS
  cross_executor_audit                 PASS
  live_audit                           PASS

SPRINT 6.4 = AUDIT & REPLAY CERTIFIED
========================================================================

[artifacts] session_dir=reports\m5_sprint64\m5s64-a5eb9a9a canonical=reports\m5_sprint64\SENSEI_SPRINT64_REPORT.md
