============================= test session starts =============================
collecting ... collected 157 items

mercury_ai/analysis/smart_money/tests/test_liquidity_edge_cases.py::test_large_candidate_set PASSED [  0%]
mercury_ai/analysis/smart_money/tests/test_liquidity_edge_cases.py::test_duplicate_timestamps_and_prices PASSED [  1%]
mercury_ai/analysis/smart_money/tests/test_liquidity_edge_cases.py::test_extreme_atr_values PASSED [  1%]
mercury_ai/analysis/smart_money/tests/test_liquidity_edge_cases.py::test_ordering_determinism PASSED [  2%]
mercury_ai/analysis/smart_money/tests/test_liquidity_edge_cases.py::test_floating_point_precision PASSED [  3%]
mercury_ai/analysis/smart_money/tests/test_liquidity_engine.py::test_group_builder_empty PASSED [  3%]
mercury_ai/analysis/smart_money/tests/test_liquidity_engine.py::test_group_builder_single_group PASSED [  4%]
mercury_ai/analysis/smart_money/tests/test_liquidity_engine.py::test_group_builder_multiple_groups PASSED [  5%]
mercury_ai/analysis/smart_money/tests/test_liquidity_engine.py::test_group_builder_minimum_touches PASSED [  5%]
mercury_ai/analysis/smart_money/tests/test_liquidity_engine.py::test_group_builder_maximum_touches PASSED [  6%]
mercury_ai/analysis/smart_money/tests/test_liquidity_engine.py::test_group_builder_duplicate_swings PASSED [  7%]
mercury_ai/analysis/smart_money/tests/test_liquidity_engine.py::test_group_builder_atr_tolerance PASSED [  7%]
mercury_ai/analysis/smart_money/tests/test_liquidity_engine.py::test_group_builder_strength_filter PASSED [  8%]
mercury_ai/analysis/smart_money/tests/test_liquidity_engine.py::test_group_builder_distance_filter PASSED [  8%]
mercury_ai/analysis/smart_money/tests/test_liquidity_engine.py::test_metrics_builder_single_group PASSED [  9%]
mercury_ai/analysis/smart_money/tests/test_liquidity_engine.py::test_score_builder_logic PASSED [ 10%]
mercury_ai/analysis/smart_money/tests/test_liquidity_engine.py::test_selector_empty_input PASSED [ 10%]
mercury_ai/analysis/smart_money/tests/test_liquidity_engine.py::test_selector_ordering_and_tie_breakers PASSED [ 11%]
mercury_ai/analysis/smart_money/tests/test_liquidity_engine.py::test_profile_builder_population PASSED [ 12%]
mercury_ai/analysis/smart_money/tests/test_liquidity_engine.py::test_evidence_builder_generation PASSED [ 12%]
mercury_ai/analysis/smart_money/tests/test_liquidity_engine.py::test_analyze_orchestrator_full PASSED [ 13%]
mercury_ai/analysis/smart_money/tests/test_liquidity_engine.py::test_determinism PASSED [ 14%]
mercury_ai/analysis/smart_money/tests/test_liquidity_stress.py::test_liquidity_engine_stress[clustered-1000] PASSED [ 14%]
