universo: 38 ativos
[1/38] EURUSD=X: n=18 wr=55.6 pf=2.33
[2/38] GBPUSD=X: n=31 wr=41.9 pf=1.16
[3/38] USDJPY=X: n=39 wr=46.2 pf=0.71
[4/38] USDCHF=X: n=39 wr=30.8 pf=0.51
[5/38] AUDUSD=X: n=18 wr=55.6 pf=2.39
[6/38] NZDUSD=X: n=18 wr=55.6 pf=2.22
[7/38] USDCAD=X: n=59 wr=47.5 pf=1.06
[8/38] EURGBP=X: n=60 wr=46.7 pf=0.77
[9/38] EURJPY=X: n=43 wr=37.2 pf=0.74
[10/38] EURCHF=X: n=61 wr=55.7 pf=2.25
[11/38] EURAUD=X: n=59 wr=49.2 pf=1.13
[12/38] EURNZD=X: n=44 wr=40.9 pf=1.01
[13/38] EURCAD=X: n=54 wr=35.2 pf=0.75
[14/38] GBPCHF=X: n=65 wr=53.8 pf=1.7
[15/38] GBPAUD=X: n=50 wr=40.0 pf=0.8
[16/38] GBPNZD=X: n=43 wr=51.2 pf=1.48
[17/38] GBPCAD=X: n=54 wr=44.4 pf=0.74
[18/38] CHFJPY=X: n=36 wr=41.7 pf=1.27
[19/38] AUDJPY=X: n=43 wr=46.5 pf=1.39
[20/38] AUDCHF=X: n=49 wr=44.9 pf=1.85
[21/38] AUDNZD=X: n=53 wr=37.7 pf=0.71
[22/38] NZDJPY=X: n=39 wr=48.7 pf=1.41
[23/38] NZDCHF=X: n=50 wr=42.0 pf=0.86
[24/38] NZDCAD=X: n=48 wr=37.5 pf=0.9
[25/38] CADJPY=X: n=40 wr=47.5 pf=0.92
[26/38] CADCHF=X: n=61 wr=55.7 pf=2.24
[27/38] USDAUD=X: n=18 wr=55.6 pf=2.39
[28/38] BTC-USD: n=24 wr=33.3 pf=0.47
[29/38] ETH-USD: n=14 wr=35.7 pf=1.22
[30/38] BNB-USD: n=13 wr=46.2 pf=1.09
[31/38] XRP-USD: n=9 wr=33.3 pf=1.0
[32/38] LTC-USD: n=6 wr=0.0 pf=0.0
[33/38] SOL-USD: n=9 wr=11.1 pf=0.35
[34/38] DOGE-USD: n=12 wr=41.7 pf=0.87
[35/38] AVAX-USD: n=12 wr=33.3 pf=0.61
[36/38] XLM-USD: n=6 wr=50.0 pf=5.61
[37/38] XPL-USD: n=1 wr=0.0 pf=0.0
[38/38] LINK-USD: n=10 wr=20.0 pf=0.36
PORTFOLIO: {'n': 1308, 'win_rate': 44.4, 'profit_factor': 1.08, 'payoff': 1.35, 'total_r': 41.0, 'max_dd_r': -23.3, 'sharpe_r': 1.11} freq=34.42/ativo/semana elapsed=63.4s
saved reports/n3_reversal_result.json
