universo: 38 ativos
[1/38] EURUSD=X: n=0 wr=None pf=None
[2/38] GBPUSD=X: n=0 wr=None pf=None
[3/38] USDJPY=X: n=0 wr=None pf=None
[4/38] USDCHF=X: n=0 wr=None pf=None
[5/38] AUDUSD=X: n=0 wr=None pf=None
[6/38] NZDUSD=X: n=0 wr=None pf=None
[7/38] USDCAD=X: n=0 wr=None pf=None
[8/38] EURGBP=X: n=0 wr=None pf=None
[9/38] EURJPY=X: n=0 wr=None pf=None
[10/38] EURCHF=X: n=0 wr=None pf=None
[11/38] EURAUD=X: n=0 wr=None pf=None
[12/38] EURNZD=X: n=0 wr=None pf=None
[13/38] EURCAD=X: n=0 wr=None pf=None
[14/38] GBPCHF=X: n=0 wr=None pf=None
[15/38] GBPAUD=X: n=0 wr=None pf=None
[16/38] GBPNZD=X: n=0 wr=None pf=None
[17/38] GBPCAD=X: n=0 wr=None pf=None
[18/38] CHFJPY=X: n=0 wr=None pf=None
[19/38] AUDJPY=X: n=0 wr=None pf=None
[20/38] AUDCHF=X: n=0 wr=None pf=None
[21/38] AUDNZD=X: n=0 wr=None pf=None
[22/38] NZDJPY=X: n=0 wr=None pf=None
[23/38] NZDCHF=X: n=0 wr=None pf=None
[24/38] NZDCAD=X: n=0 wr=None pf=None
[25/38] CADJPY=X: n=0 wr=None pf=None
[26/38] CADCHF=X: n=0 wr=None pf=None
[27/38] USDAUD=X: n=0 wr=None pf=None
[28/38] BTC-USD: n=0 wr=None pf=None
[29/38] ETH-USD: n=0 wr=None pf=None
[30/38] BNB-USD: n=0 wr=None pf=None
[31/38] XRP-USD: n=0 wr=None pf=None
[32/38] LTC-USD: n=0 wr=None pf=None
[33/38] SOL-USD: n=0 wr=None pf=None
[34/38] DOGE-USD: n=0 wr=None pf=None
[35/38] AVAX-USD: n=0 wr=None pf=None
[36/38] XLM-USD: n=0 wr=None pf=None
[37/38] XPL-USD: n=0 wr=None pf=None
[38/38] LINK-USD: n=0 wr=None pf=None
PORTFOLIO: {'n': 0} freq=0.0/ativo/semana elapsed=100.9s
saved reports/n3_reversal_result.json
